MPLINK 4.49, Linker
Linker Map File - Created Wed Nov 20 13:55:14 2024

                                 Section Info
                  Section       Type    Address   Location Size(Bytes)
                ---------  ---------  ---------  ---------  ---------
                   .org_0       code   0x000000    program   0x000000
                   .org_1       code   0x000000    program   0x000002
                   .org_2       code   0x000004    program   0x000150
.config_2007_CONTADOR HEX Y INT.O       code   0x002007    program   0x000002



                              Program Memory Usage 
                               Start         End      
                           ---------   ---------      
                            0x000000    0x000000      
                            0x000004    0x0000ab      
                            0x002007    0x002007      
            170 out of 8454 program addresses used, program memory utilization is 2%



                              Symbols - Sorted by Name
                     Name    Address   Location    Storage File                     
                ---------  ---------  ---------  --------- ---------                
                    BUCLE   0x000017    program     static E:\AUXILIAR\SEM 2-2024 AUX MICRO\SOLUCION DE PRETICAS 2-2024\PRACTICA2\CONTADOR HEX Y INT.asm
               CONFIGURAR   0x000005    program     static E:\AUXILIAR\SEM 2-2024 AUX MICRO\SOLUCION DE PRETICAS 2-2024\PRACTICA2\CONTADOR HEX Y INT.asm
              ENCENDER_M1   0x00005e    program     static E:\AUXILIAR\SEM 2-2024 AUX MICRO\SOLUCION DE PRETICAS 2-2024\PRACTICA2\CONTADOR HEX Y INT.asm
                  INTERNO   0x000041    program     static E:\AUXILIAR\SEM 2-2024 AUX MICRO\SOLUCION DE PRETICAS 2-2024\PRACTICA2\CONTADOR HEX Y INT.asm
                  INT_RB0   0x00005c    program     static E:\AUXILIAR\SEM 2-2024 AUX MICRO\SOLUCION DE PRETICAS 2-2024\PRACTICA2\CONTADOR HEX Y INT.asm
                  LIMPIAR   0x000062    program     static E:\AUXILIAR\SEM 2-2024 AUX MICRO\SOLUCION DE PRETICAS 2-2024\PRACTICA2\CONTADOR HEX Y INT.asm
                     MAIN   0x000014    program     static E:\AUXILIAR\SEM 2-2024 AUX MICRO\SOLUCION DE PRETICAS 2-2024\PRACTICA2\CONTADOR HEX Y INT.asm
    R1DECIMA_BUCLEEXTERNO   0x0000a2    program     static E:\AUXILIAR\SEM 2-2024 AUX MICRO\SOLUCION DE PRETICAS 2-2024\PRACTICA2\RETARDOS.INC
   R1DECIMA_BUCLEEXTERNO2   0x0000a0    program     static E:\AUXILIAR\SEM 2-2024 AUX MICRO\SOLUCION DE PRETICAS 2-2024\PRACTICA2\RETARDOS.INC
    R1DECIMA_BUCLEINTERNO   0x0000a4    program     static E:\AUXILIAR\SEM 2-2024 AUX MICRO\SOLUCION DE PRETICAS 2-2024\PRACTICA2\RETARDOS.INC
        R1MS_BUCLEEXTERNO   0x00008c    program     static E:\AUXILIAR\SEM 2-2024 AUX MICRO\SOLUCION DE PRETICAS 2-2024\PRACTICA2\RETARDOS.INC
        R1MS_BUCLEINTERNO   0x00008e    program     static E:\AUXILIAR\SEM 2-2024 AUX MICRO\SOLUCION DE PRETICAS 2-2024\PRACTICA2\RETARDOS.INC
            RETARDOMICROS   0x000078    program     static E:\AUXILIAR\SEM 2-2024 AUX MICRO\SOLUCION DE PRETICAS 2-2024\PRACTICA2\RETARDOS.INC
              RETARDOS_MS   0x00008b    program     static E:\AUXILIAR\SEM 2-2024 AUX MICRO\SOLUCION DE PRETICAS 2-2024\PRACTICA2\RETARDOS.INC
        RETARDO_100MICROS   0x000072    program     static E:\AUXILIAR\SEM 2-2024 AUX MICRO\SOLUCION DE PRETICAS 2-2024\PRACTICA2\RETARDOS.INC
            RETARDO_100MS   0x00007e    program     static E:\AUXILIAR\SEM 2-2024 AUX MICRO\SOLUCION DE PRETICAS 2-2024\PRACTICA2\RETARDOS.INC
         RETARDO_10MICROS   0x000065    program     static E:\AUXILIAR\SEM 2-2024 AUX MICRO\SOLUCION DE PRETICAS 2-2024\PRACTICA2\RETARDOS.INC
             RETARDO_10MS   0x000084    program     static E:\AUXILIAR\SEM 2-2024 AUX MICRO\SOLUCION DE PRETICAS 2-2024\PRACTICA2\RETARDOS.INC
              RETARDO_10S   0x000096    program     static E:\AUXILIAR\SEM 2-2024 AUX MICRO\SOLUCION DE PRETICAS 2-2024\PRACTICA2\RETARDOS.INC
          RETARDO_1DECIMA   0x00009f    program     static E:\AUXILIAR\SEM 2-2024 AUX MICRO\SOLUCION DE PRETICAS 2-2024\PRACTICA2\RETARDOS.INC
              RETARDO_1MS   0x00008a    program     static E:\AUXILIAR\SEM 2-2024 AUX MICRO\SOLUCION DE PRETICAS 2-2024\PRACTICA2\RETARDOS.INC
               RETARDO_1S   0x00009c    program     static E:\AUXILIAR\SEM 2-2024 AUX MICRO\SOLUCION DE PRETICAS 2-2024\PRACTICA2\RETARDOS.INC
        RETARDO_200MICROS   0x00006f    program     static E:\AUXILIAR\SEM 2-2024 AUX MICRO\SOLUCION DE PRETICAS 2-2024\PRACTICA2\RETARDOS.INC
            RETARDO_200MS   0x00007c    program     static E:\AUXILIAR\SEM 2-2024 AUX MICRO\SOLUCION DE PRETICAS 2-2024\PRACTICA2\RETARDOS.INC
         RETARDO_20MICROS   0x000077    program     static E:\AUXILIAR\SEM 2-2024 AUX MICRO\SOLUCION DE PRETICAS 2-2024\PRACTICA2\RETARDOS.INC
             RETARDO_20MS   0x000082    program     static E:\AUXILIAR\SEM 2-2024 AUX MICRO\SOLUCION DE PRETICAS 2-2024\PRACTICA2\RETARDOS.INC
              RETARDO_20S   0x000094    program     static E:\AUXILIAR\SEM 2-2024 AUX MICRO\SOLUCION DE PRETICAS 2-2024\PRACTICA2\RETARDOS.INC
              RETARDO_2MS   0x000088    program     static E:\AUXILIAR\SEM 2-2024 AUX MICRO\SOLUCION DE PRETICAS 2-2024\PRACTICA2\RETARDOS.INC
               RETARDO_2S   0x00009a    program     static E:\AUXILIAR\SEM 2-2024 AUX MICRO\SOLUCION DE PRETICAS 2-2024\PRACTICA2\RETARDOS.INC
          RETARDO_4MICROS   0x00006b    program     static E:\AUXILIAR\SEM 2-2024 AUX MICRO\SOLUCION DE PRETICAS 2-2024\PRACTICA2\RETARDOS.INC
        RETARDO_500MICROS   0x00006c    program     static E:\AUXILIAR\SEM 2-2024 AUX MICRO\SOLUCION DE PRETICAS 2-2024\PRACTICA2\RETARDOS.INC
            RETARDO_500MS   0x00009e    program     static E:\AUXILIAR\SEM 2-2024 AUX MICRO\SOLUCION DE PRETICAS 2-2024\PRACTICA2\RETARDOS.INC
         RETARDO_50MICROS   0x000074    program     static E:\AUXILIAR\SEM 2-2024 AUX MICRO\SOLUCION DE PRETICAS 2-2024\PRACTICA2\RETARDOS.INC
             RETARDO_50MS   0x000080    program     static E:\AUXILIAR\SEM 2-2024 AUX MICRO\SOLUCION DE PRETICAS 2-2024\PRACTICA2\RETARDOS.INC
          RETARDO_5MICROS   0x00006a    program     static E:\AUXILIAR\SEM 2-2024 AUX MICRO\SOLUCION DE PRETICAS 2-2024\PRACTICA2\RETARDOS.INC
              RETARDO_5MS   0x000086    program     static E:\AUXILIAR\SEM 2-2024 AUX MICRO\SOLUCION DE PRETICAS 2-2024\PRACTICA2\RETARDOS.INC
               RETARDO_5S   0x000098    program     static E:\AUXILIAR\SEM 2-2024 AUX MICRO\SOLUCION DE PRETICAS 2-2024\PRACTICA2\RETARDOS.INC
            RMICROS_BUCLE   0x000079    program     static E:\AUXILIAR\SEM 2-2024 AUX MICRO\SOLUCION DE PRETICAS 2-2024\PRACTICA2\RETARDOS.INC
                    TABLA   0x000030    program     static E:\AUXILIAR\SEM 2-2024 AUX MICRO\SOLUCION DE PRETICAS 2-2024\PRACTICA2\CONTADOR HEX Y INT.asm
               VISUALIZAR   0x00001a    program     static E:\AUXILIAR\SEM 2-2024 AUX MICRO\SOLUCION DE PRETICAS 2-2024\PRACTICA2\CONTADOR HEX Y INT.asm



                              Symbols - Sorted by Address
                     Name    Address   Location    Storage File                     
                ---------  ---------  ---------  --------- ---------                
               CONFIGURAR   0x000005    program     static E:\AUXILIAR\SEM 2-2024 AUX MICRO\SOLUCION DE PRETICAS 2-2024\PRACTICA2\CONTADOR HEX Y INT.asm
                     MAIN   0x000014    program     static E:\AUXILIAR\SEM 2-2024 AUX MICRO\SOLUCION DE PRETICAS 2-2024\PRACTICA2\CONTADOR HEX Y INT.asm
                    BUCLE   0x000017    program     static E:\AUXILIAR\SEM 2-2024 AUX MICRO\SOLUCION DE PRETICAS 2-2024\PRACTICA2\CONTADOR HEX Y INT.asm
               VISUALIZAR   0x00001a    program     static E:\AUXILIAR\SEM 2-2024 AUX MICRO\SOLUCION DE PRETICAS 2-2024\PRACTICA2\CONTADOR HEX Y INT.asm
                    TABLA   0x000030    program     static E:\AUXILIAR\SEM 2-2024 AUX MICRO\SOLUCION DE PRETICAS 2-2024\PRACTICA2\CONTADOR HEX Y INT.asm
                  INTERNO   0x000041    program     static E:\AUXILIAR\SEM 2-2024 AUX MICRO\SOLUCION DE PRETICAS 2-2024\PRACTICA2\CONTADOR HEX Y INT.asm
                  INT_RB0   0x00005c    program     static E:\AUXILIAR\SEM 2-2024 AUX MICRO\SOLUCION DE PRETICAS 2-2024\PRACTICA2\CONTADOR HEX Y INT.asm
              ENCENDER_M1   0x00005e    program     static E:\AUXILIAR\SEM 2-2024 AUX MICRO\SOLUCION DE PRETICAS 2-2024\PRACTICA2\CONTADOR HEX Y INT.asm
                  LIMPIAR   0x000062    program     static E:\AUXILIAR\SEM 2-2024 AUX MICRO\SOLUCION DE PRETICAS 2-2024\PRACTICA2\CONTADOR HEX Y INT.asm
         RETARDO_10MICROS   0x000065    program     static E:\AUXILIAR\SEM 2-2024 AUX MICRO\SOLUCION DE PRETICAS 2-2024\PRACTICA2\RETARDOS.INC
          RETARDO_5MICROS   0x00006a    program     static E:\AUXILIAR\SEM 2-2024 AUX MICRO\SOLUCION DE PRETICAS 2-2024\PRACTICA2\RETARDOS.INC
          RETARDO_4MICROS   0x00006b    program     static E:\AUXILIAR\SEM 2-2024 AUX MICRO\SOLUCION DE PRETICAS 2-2024\PRACTICA2\RETARDOS.INC
        RETARDO_500MICROS   0x00006c    program     static E:\AUXILIAR\SEM 2-2024 AUX MICRO\SOLUCION DE PRETICAS 2-2024\PRACTICA2\RETARDOS.INC
        RETARDO_200MICROS   0x00006f    program     static E:\AUXILIAR\SEM 2-2024 AUX MICRO\SOLUCION DE PRETICAS 2-2024\PRACTICA2\RETARDOS.INC
        RETARDO_100MICROS   0x000072    program     static E:\AUXILIAR\SEM 2-2024 AUX MICRO\SOLUCION DE PRETICAS 2-2024\PRACTICA2\RETARDOS.INC
         RETARDO_50MICROS   0x000074    program     static E:\AUXILIAR\SEM 2-2024 AUX MICRO\SOLUCION DE PRETICAS 2-2024\PRACTICA2\RETARDOS.INC
         RETARDO_20MICROS   0x000077    program     static E:\AUXILIAR\SEM 2-2024 AUX MICRO\SOLUCION DE PRETICAS 2-2024\PRACTICA2\RETARDOS.INC
            RETARDOMICROS   0x000078    program     static E:\AUXILIAR\SEM 2-2024 AUX MICRO\SOLUCION DE PRETICAS 2-2024\PRACTICA2\RETARDOS.INC
            RMICROS_BUCLE   0x000079    program     static E:\AUXILIAR\SEM 2-2024 AUX MICRO\SOLUCION DE PRETICAS 2-2024\PRACTICA2\RETARDOS.INC
            RETARDO_200MS   0x00007c    program     static E:\AUXILIAR\SEM 2-2024 AUX MICRO\SOLUCION DE PRETICAS 2-2024\PRACTICA2\RETARDOS.INC
            RETARDO_100MS   0x00007e    program     static E:\AUXILIAR\SEM 2-2024 AUX MICRO\SOLUCION DE PRETICAS 2-2024\PRACTICA2\RETARDOS.INC
             RETARDO_50MS   0x000080    program     static E:\AUXILIAR\SEM 2-2024 AUX MICRO\SOLUCION DE PRETICAS 2-2024\PRACTICA2\RETARDOS.INC
             RETARDO_20MS   0x000082    program     static E:\AUXILIAR\SEM 2-2024 AUX MICRO\SOLUCION DE PRETICAS 2-2024\PRACTICA2\RETARDOS.INC
             RETARDO_10MS   0x000084    program     static E:\AUXILIAR\SEM 2-2024 AUX MICRO\SOLUCION DE PRETICAS 2-2024\PRACTICA2\RETARDOS.INC
              RETARDO_5MS   0x000086    program     static E:\AUXILIAR\SEM 2-2024 AUX MICRO\SOLUCION DE PRETICAS 2-2024\PRACTICA2\RETARDOS.INC
              RETARDO_2MS   0x000088    program     static E:\AUXILIAR\SEM 2-2024 AUX MICRO\SOLUCION DE PRETICAS 2-2024\PRACTICA2\RETARDOS.INC
              RETARDO_1MS   0x00008a    program     static E:\AUXILIAR\SEM 2-2024 AUX MICRO\SOLUCION DE PRETICAS 2-2024\PRACTICA2\RETARDOS.INC
              RETARDOS_MS   0x00008b    program     static E:\AUXILIAR\SEM 2-2024 AUX MICRO\SOLUCION DE PRETICAS 2-2024\PRACTICA2\RETARDOS.INC
        R1MS_BUCLEEXTERNO   0x00008c    program     static E:\AUXILIAR\SEM 2-2024 AUX MICRO\SOLUCION DE PRETICAS 2-2024\PRACTICA2\RETARDOS.INC
        R1MS_BUCLEINTERNO   0x00008e    program     static E:\AUXILIAR\SEM 2-2024 AUX MICRO\SOLUCION DE PRETICAS 2-2024\PRACTICA2\RETARDOS.INC
              RETARDO_20S   0x000094    program     static E:\AUXILIAR\SEM 2-2024 AUX MICRO\SOLUCION DE PRETICAS 2-2024\PRACTICA2\RETARDOS.INC
              RETARDO_10S   0x000096    program     static E:\AUXILIAR\SEM 2-2024 AUX MICRO\SOLUCION DE PRETICAS 2-2024\PRACTICA2\RETARDOS.INC
               RETARDO_5S   0x000098    program     static E:\AUXILIAR\SEM 2-2024 AUX MICRO\SOLUCION DE PRETICAS 2-2024\PRACTICA2\RETARDOS.INC
               RETARDO_2S   0x00009a    program     static E:\AUXILIAR\SEM 2-2024 AUX MICRO\SOLUCION DE PRETICAS 2-2024\PRACTICA2\RETARDOS.INC
               RETARDO_1S   0x00009c    program     static E:\AUXILIAR\SEM 2-2024 AUX MICRO\SOLUCION DE PRETICAS 2-2024\PRACTICA2\RETARDOS.INC
            RETARDO_500MS   0x00009e    program     static E:\AUXILIAR\SEM 2-2024 AUX MICRO\SOLUCION DE PRETICAS 2-2024\PRACTICA2\RETARDOS.INC
          RETARDO_1DECIMA   0x00009f    program     static E:\AUXILIAR\SEM 2-2024 AUX MICRO\SOLUCION DE PRETICAS 2-2024\PRACTICA2\RETARDOS.INC
   R1DECIMA_BUCLEEXTERNO2   0x0000a0    program     static E:\AUXILIAR\SEM 2-2024 AUX MICRO\SOLUCION DE PRETICAS 2-2024\PRACTICA2\RETARDOS.INC
    R1DECIMA_BUCLEEXTERNO   0x0000a2    program     static E:\AUXILIAR\SEM 2-2024 AUX MICRO\SOLUCION DE PRETICAS 2-2024\PRACTICA2\RETARDOS.INC
    R1DECIMA_BUCLEINTERNO   0x0000a4    program     static E:\AUXILIAR\SEM 2-2024 AUX MICRO\SOLUCION DE PRETICAS 2-2024\PRACTICA2\RETARDOS.INC


